// Jest Snapshot v1, https://goo.gl/fbAQLP

exports[`should render the edit expense page 1`] = `
<div>
  <ExpenseForm
    expense={
      Object {
        "amount": 1,
        "createdAt": 0,
        "description": "Toffee",
        "id": "1",
        "note": "",
      }
    }
    onSubmit={[Function]}
  />
  <button
    onClick={[Function]}
  >
    Remove
  </button>
</div>
`;
