// Jest Snapshot v1, https://goo.gl/fbAQLP

exports[`should render the expense dashboard page 1`] = `
<div>
  <p>
    This is from ExpenseDashboardPage!
  </p>
  <Connect(ExpenseListFilters) />
  <Connect(ExpenseList) />
</div>
`;
