// Jest Snapshot v1, https://goo.gl/fbAQLP

exports[`should render the expense list item 1`] = `
<div>
  <Link
    replace={false}
    to="/edit/1"
  >
    <h3>
      Toffee
    </h3>
  </Link>
  <h3>
    â‚¹ 
    1
  </h3>
  <h4>
    - 
    01/January/1970
  </h4>
</div>
`;
