// Jest Snapshot v1, https://goo.gl/fbAQLP

exports[`should render the not found page 1`] = `
<div>
  <p>
    ERROR 404 ! PAGE NOT FOUND - 
    <Link
      replace={false}
      to="/"
    >
      Go home
    </Link>
  </p>
</div>
`;
